"""
>>> matrix_mul([[1, 2], [3, 4]], [[1, 2], [3, 4]])
[[7, 10], [15, 22]]

>>> matrix_mul([[1, 2]], [[3, 4], [5, 6]])
[[13, 16]]

>>> matrix_mul([[1, 2], [3, 4]], [[1, 2, 3], [4, 5, 6]])
Traceback (most recent call last):
    ...
ValueError: m_a and m_b can't be multiplied

>>> matrix_mul([[1, 2], [3, 4]], [[1, 2], [3, 4], [5, 6]])
Traceback (most recent call last):
    ...
TypeError: each row of m_a must be of the same size or each row of m_b must be of the same size

>>> matrix_mul([[1, 2], [3, 4]], [[1, 2], [3, "four"]])
Traceback (most recent call last):
    ...
TypeError: m_b should contain only integers or floats

>>> matrix_mul([], [[1, 2], [3, 4]])
Traceback (most recent call last):
    ...
ValueError: m_a can't be empty or m_b can't be empty
"""

